Release 14.7 - xst P.20131013 (nt64)
Copyright (c) 1995-2013 Xilinx, Inc.  All rights reserved.
--> Parameter TMPDIR set to xst/projnav.tmp


Total REAL time to Xst completion: 0.00 secs
Total CPU time to Xst completion: 0.17 secs
 
--> Parameter xsthdpdir set to xst


Total REAL time to Xst completion: 0.00 secs
Total CPU time to Xst completion: 0.17 secs
 
--> Reading design: mips.prj

TABLE OF CONTENTS
  1) Synthesis Options Summary
  2) HDL Parsing
  3) HDL Elaboration
  4) HDL Synthesis
       4.1) HDL Synthesis Report
  5) Advanced HDL Synthesis
       5.1) Advanced HDL Synthesis Report
  6) Low Level Synthesis
  7) Partition Report
  8) Design Summary
       8.1) Primitive and Black Box Usage
       8.2) Device utilization summary
       8.3) Partition Resource Summary
       8.4) Timing Report
            8.4.1) Clock Information
            8.4.2) Asynchronous Control Signals Information
            8.4.3) Timing Summary
            8.4.4) Timing Details
            8.4.5) Cross Clock Domains Report


=========================================================================
*                      Synthesis Options Summary                        *
=========================================================================
---- Source Parameters
Input File Name                    : "mips.prj"
Ignore Synthesis Constraint File   : NO

---- Target Parameters
Output File Name                   : "mips"
Output Format                      : NGC
Target Device                      : xc6slx100-2-fgg676

---- Source Options
Top Module Name                    : mips
Automatic FSM Extraction           : YES
FSM Encoding Algorithm             : Auto
Safe Implementation                : No
FSM Style                          : LUT
RAM Extraction                     : Yes
RAM Style                          : Auto
ROM Extraction                     : Yes
Shift Register Extraction          : YES
ROM Style                          : Auto
Resource Sharing                   : YES
Asynchronous To Synchronous        : NO
Shift Register Minimum Size        : 2
Use DSP Block                      : Auto
Automatic Register Balancing       : No

---- Target Options
LUT Combining                      : Auto
Reduce Control Sets                : Auto
Add IO Buffers                     : YES
Global Maximum Fanout              : 100000
Add Generic Clock Buffer(BUFG)     : 16
Register Duplication               : YES
Optimize Instantiated Primitives   : NO
Use Clock Enable                   : Auto
Use Synchronous Set                : Auto
Use Synchronous Reset              : Auto
Pack IO Registers into IOBs        : Auto
Equivalent register Removal        : YES

---- General Options
Optimization Goal                  : Speed
Optimization Effort                : 1
Power Reduction                    : NO
Keep Hierarchy                     : No
Netlist Hierarchy                  : As_Optimized
RTL Output                         : Yes
Global Optimization                : AllClockNets
Read Cores                         : YES
Write Timing Constraints           : NO
Cross Clock Analysis               : NO
Hierarchy Separator                : /
Bus Delimiter                      : <>
Case Specifier                     : Maintain
Slice Utilization Ratio            : 100
BRAM Utilization Ratio             : 100
DSP48 Utilization Ratio            : 100
Auto BRAM Packing                  : NO
Slice Utilization Ratio Delta      : 5

=========================================================================


=========================================================================
*                          HDL Parsing                                  *
=========================================================================
Analyzing Verilog file "C:\Users\86139\Desktop\courses\co\P5\CPU\W_AT.v" into library work
Parsing module <W_AT>.
Analyzing Verilog file "C:\Users\86139\Desktop\courses\co\P5\CPU\Shift.v" into library work
Parsing module <Shift>.
Analyzing Verilog file "C:\Users\86139\Desktop\courses\co\P5\CPU\PC.v" into library work
Parsing module <PC>.
Analyzing Verilog file "C:\Users\86139\Desktop\courses\co\P5\CPU\M_AT.v" into library work
Parsing module <M_AT>.
Analyzing Verilog file "C:\Users\86139\Desktop\courses\co\P5\CPU\IM.v" into library work
Parsing module <IM>.
Analyzing Verilog file "C:\Users\86139\Desktop\courses\co\P5\CPU\GRF.v" into library work
Parsing module <GRF>.
Analyzing Verilog file "C:\Users\86139\Desktop\courses\co\P5\CPU\E_AT.v" into library work
Parsing module <E_AT>.
Analyzing Verilog file "C:\Users\86139\Desktop\courses\co\P5\CPU\EXT.v" into library work
Parsing module <EXT>.
Analyzing Verilog file "C:\Users\86139\Desktop\courses\co\P5\CPU\D_AT.v" into library work
Parsing module <D_AT>.
Analyzing Verilog file "C:\Users\86139\Desktop\courses\co\P5\CPU\DM.v" into library work
Parsing module <DM>.
Analyzing Verilog file "C:\Users\86139\Desktop\courses\co\P5\CPU\Controller.v" into library work
Parsing module <Controller>.
Analyzing Verilog file "C:\Users\86139\Desktop\courses\co\P5\CPU\branch.v" into library work
Parsing module <Branch>.
Analyzing Verilog file "C:\Users\86139\Desktop\courses\co\P5\CPU\ALU.v" into library work
Parsing module <ALU>.
Analyzing Verilog file "C:\Users\86139\Desktop\courses\co\P5\CPU\Writeback.v" into library work
Parsing module <Writeback>.
Analyzing Verilog file "C:\Users\86139\Desktop\courses\co\P5\CPU\Transmit.v" into library work
Parsing module <Stop_Transmit>.
Analyzing Verilog file "C:\Users\86139\Desktop\courses\co\P5\CPU\Memory.v" into library work
Parsing module <Memory>.
Analyzing Verilog file "C:\Users\86139\Desktop\courses\co\P5\CPU\MEM-WB.v" into library work
Parsing module <MEM_WB>.
Analyzing Verilog file "C:\Users\86139\Desktop\courses\co\P5\CPU\IF-ID.v" into library work
Parsing module <IF_ID>.
Analyzing Verilog file "C:\Users\86139\Desktop\courses\co\P5\CPU\ID-EX.v" into library work
Parsing module <ID_EX>.
Analyzing Verilog file "C:\Users\86139\Desktop\courses\co\P5\CPU\Fetch.v" into library work
Parsing module <Fetch>.
Analyzing Verilog file "C:\Users\86139\Desktop\courses\co\P5\CPU\Execute.v" into library work
Parsing module <Execute>.
Analyzing Verilog file "C:\Users\86139\Desktop\courses\co\P5\CPU\EX-MEM.v" into library work
Parsing module <EX_MEM>.
Analyzing Verilog file "C:\Users\86139\Desktop\courses\co\P5\CPU\Decode.v" into library work
Parsing module <Decode>.
Analyzing Verilog file "C:\Users\86139\Desktop\courses\co\P5\CPU\datapath.v" into library work
Parsing module <Datapath>.
Analyzing Verilog file "C:\Users\86139\Desktop\courses\co\P5\CPU\mips.v" into library work
Parsing module <mips>.

=========================================================================
*                            HDL Elaboration                            *
=========================================================================

Elaborating module <mips>.

Elaborating module <Controller>.
WARNING:HDLCompiler:1127 - "C:\Users\86139\Desktop\courses\co\P5\CPU\Controller.v" Line 82: Assignment to RegWen ignored, since the identifier is never used
WARNING:HDLCompiler:1127 - "C:\Users\86139\Desktop\courses\co\P5\CPU\mips.v" Line 34: Assignment to RegWreg ignored, since the identifier is never used

Elaborating module <Datapath>.

Elaborating module <Stop_Transmit>.
WARNING:HDLCompiler:413 - "C:\Users\86139\Desktop\courses\co\P5\CPU\Transmit.v" Line 77: Result of 32-bit expression is truncated to fit in 2-bit target.
WARNING:HDLCompiler:413 - "C:\Users\86139\Desktop\courses\co\P5\CPU\Transmit.v" Line 80: Result of 32-bit expression is truncated to fit in 2-bit target.
WARNING:HDLCompiler:413 - "C:\Users\86139\Desktop\courses\co\P5\CPU\Transmit.v" Line 84: Result of 32-bit expression is truncated to fit in 2-bit target.
WARNING:HDLCompiler:413 - "C:\Users\86139\Desktop\courses\co\P5\CPU\Transmit.v" Line 87: Result of 32-bit expression is truncated to fit in 2-bit target.
WARNING:HDLCompiler:413 - "C:\Users\86139\Desktop\courses\co\P5\CPU\Transmit.v" Line 90: Result of 32-bit expression is truncated to fit in 2-bit target.

Elaborating module <Fetch>.

Elaborating module <PC>.

Elaborating module <IM>.
Reading initialization file \"code.txt\".
WARNING:HDLCompiler:1670 - "C:\Users\86139\Desktop\courses\co\P5\CPU\IM.v" Line 30: Signal <im_reg> in initial block is partially initialized.

Elaborating module <IF_ID>.

Elaborating module <Decode>.
WARNING:HDLCompiler:1127 - "C:\Users\86139\Desktop\courses\co\P5\CPU\Decode.v" Line 71: Assignment to RegWreg ignored, since the identifier is never used

Elaborating module <D_AT>.
WARNING:HDLCompiler:413 - "C:\Users\86139\Desktop\courses\co\P5\CPU\D_AT.v" Line 48: Result of 32-bit expression is truncated to fit in 2-bit target.
WARNING:HDLCompiler:413 - "C:\Users\86139\Desktop\courses\co\P5\CPU\D_AT.v" Line 49: Result of 32-bit expression is truncated to fit in 2-bit target.

Elaborating module <GRF>.
"C:\Users\86139\Desktop\courses\co\P5\CPU\GRF.v" Line 60. $display  32'b................................ 5'b..... 32'b................................
"C:\Users\86139\Desktop\courses\co\P5\CPU\GRF.v" Line 64. $display  32'b................................ 5'b..... 0

Elaborating module <EXT>.

Elaborating module <Shift>.

Elaborating module <Branch>.

Elaborating module <ID_EX>.

Elaborating module <Execute>.
WARNING:HDLCompiler:1127 - "C:\Users\86139\Desktop\courses\co\P5\CPU\Execute.v" Line 69: Assignment to MemtoReg ignored, since the identifier is never used

Elaborating module <E_AT>.
WARNING:HDLCompiler:413 - "C:\Users\86139\Desktop\courses\co\P5\CPU\E_AT.v" Line 47: Result of 32-bit expression is truncated to fit in 2-bit target.

Elaborating module <ALU>.

Elaborating module <EX_MEM>.

Elaborating module <Memory>.
WARNING:HDLCompiler:1127 - "C:\Users\86139\Desktop\courses\co\P5\CPU\Memory.v" Line 70: Assignment to MemtoReg ignored, since the identifier is never used

Elaborating module <M_AT>.
WARNING:HDLCompiler:1127 - "C:\Users\86139\Desktop\courses\co\P5\CPU\M_AT.v" Line 44: Assignment to funct ignored, since the identifier is never used
WARNING:HDLCompiler:413 - "C:\Users\86139\Desktop\courses\co\P5\CPU\M_AT.v" Line 47: Result of 32-bit expression is truncated to fit in 2-bit target.

Elaborating module <DM>.
"C:\Users\86139\Desktop\courses\co\P5\CPU\DM.v" Line 58. $display  32'b................................ 32'b................................ 32'b................................

Elaborating module <MEM_WB>.

Elaborating module <Writeback>.
WARNING:HDLCompiler:1127 - "C:\Users\86139\Desktop\courses\co\P5\CPU\Writeback.v" Line 58: Assignment to ALUop ignored, since the identifier is never used

Elaborating module <W_AT>.
WARNING:HDLCompiler:1127 - "C:\Users\86139\Desktop\courses\co\P5\CPU\W_AT.v" Line 43: Assignment to opcode ignored, since the identifier is never used
WARNING:HDLCompiler:1127 - "C:\Users\86139\Desktop\courses\co\P5\CPU\W_AT.v" Line 44: Assignment to funct ignored, since the identifier is never used
WARNING:Xst:2972 - "C:\Users\86139\Desktop\courses\co\P5\CPU\datapath.v" line 140. All outputs of instance <st> of block <Stop_Transmit> are unconnected in block <Datapath>. Underlying logic will be removed.
WARNING:Xst:2972 - "C:\Users\86139\Desktop\courses\co\P5\CPU\datapath.v" line 142. All outputs of instance <fetch> of block <Fetch> are unconnected in block <Datapath>. Underlying logic will be removed.
WARNING:Xst:2972 - "C:\Users\86139\Desktop\courses\co\P5\CPU\datapath.v" line 144. All outputs of instance <if_id> of block <IF_ID> are unconnected in block <Datapath>. Underlying logic will be removed.
WARNING:Xst:2972 - "C:\Users\86139\Desktop\courses\co\P5\CPU\datapath.v" line 146. All outputs of instance <decode> of block <Decode> are unconnected in block <Datapath>. Underlying logic will be removed.
WARNING:Xst:2972 - "C:\Users\86139\Desktop\courses\co\P5\CPU\datapath.v" line 148. All outputs of instance <id_ex> of block <ID_EX> are unconnected in block <Datapath>. Underlying logic will be removed.
WARNING:Xst:2972 - "C:\Users\86139\Desktop\courses\co\P5\CPU\datapath.v" line 150. All outputs of instance <execute> of block <Execute> are unconnected in block <Datapath>. Underlying logic will be removed.
WARNING:Xst:2972 - "C:\Users\86139\Desktop\courses\co\P5\CPU\datapath.v" line 152. All outputs of instance <ex_mem> of block <EX_MEM> are unconnected in block <Datapath>. Underlying logic will be removed.
WARNING:Xst:2972 - "C:\Users\86139\Desktop\courses\co\P5\CPU\datapath.v" line 154. All outputs of instance <memory> of block <Memory> are unconnected in block <Datapath>. Underlying logic will be removed.
WARNING:Xst:2972 - "C:\Users\86139\Desktop\courses\co\P5\CPU\datapath.v" line 156. All outputs of instance <mem_wb> of block <MEM_WB> are unconnected in block <Datapath>. Underlying logic will be removed.
WARNING:Xst:2972 - "C:\Users\86139\Desktop\courses\co\P5\CPU\datapath.v" line 158. All outputs of instance <writeback> of block <Writeback> are unconnected in block <Datapath>. Underlying logic will be removed.
WARNING:Xst:2972 - "C:\Users\86139\Desktop\courses\co\P5\CPU\mips.v" line 34. All outputs of instance <controller> of block <Controller> are unconnected in block <mips>. Underlying logic will be removed.
WARNING:Xst:2972 - "C:\Users\86139\Desktop\courses\co\P5\CPU\mips.v" line 36. All outputs of instance <datapath> of block <Datapath> are unconnected in block <mips>. Underlying logic will be removed.

=========================================================================
*                           HDL Synthesis                               *
=========================================================================

Synthesizing Unit <mips>.
    Related source file is "C:\Users\86139\Desktop\courses\co\P5\CPU\mips.v".
INFO:Xst:3210 - "C:\Users\86139\Desktop\courses\co\P5\CPU\mips.v" line 34: Output port <RegWreg> of the instance <controller> is unconnected or connected to loadless signal.
INFO:Xst:3210 - "C:\Users\86139\Desktop\courses\co\P5\CPU\mips.v" line 34: Output port <MemtoReg> of the instance <controller> is unconnected or connected to loadless signal.
INFO:Xst:3210 - "C:\Users\86139\Desktop\courses\co\P5\CPU\mips.v" line 34: Output port <ALUop> of the instance <controller> is unconnected or connected to loadless signal.
INFO:Xst:3210 - "C:\Users\86139\Desktop\courses\co\P5\CPU\mips.v" line 34: Output port <branch> of the instance <controller> is unconnected or connected to loadless signal.
INFO:Xst:3210 - "C:\Users\86139\Desktop\courses\co\P5\CPU\mips.v" line 34: Output port <EXT_sel> of the instance <controller> is unconnected or connected to loadless signal.
INFO:Xst:3210 - "C:\Users\86139\Desktop\courses\co\P5\CPU\mips.v" line 34: Output port <Regwrite> of the instance <controller> is unconnected or connected to loadless signal.
INFO:Xst:3210 - "C:\Users\86139\Desktop\courses\co\P5\CPU\mips.v" line 34: Output port <ALUsrc> of the instance <controller> is unconnected or connected to loadless signal.
INFO:Xst:3210 - "C:\Users\86139\Desktop\courses\co\P5\CPU\mips.v" line 34: Output port <Memwrite> of the instance <controller> is unconnected or connected to loadless signal.
INFO:Xst:3210 - "C:\Users\86139\Desktop\courses\co\P5\CPU\mips.v" line 34: Output port <Shift_sel> of the instance <controller> is unconnected or connected to loadless signal.
    Summary:
	no macro.
Unit <mips> synthesized.

Synthesizing Unit <Controller>.
    Related source file is "C:\Users\86139\Desktop\courses\co\P5\CPU\Controller.v".
WARNING:Xst:647 - Input <instruction<10:6>> is never used. This port will be preserved and left unconnected if it belongs to a top-level block or it belongs to a sub-block and the hierarchy of this sub-block is preserved.
WARNING:Xst:647 - Input <instruction<25:21>> is never used. This port will be preserved and left unconnected if it belongs to a top-level block or it belongs to a sub-block and the hierarchy of this sub-block is preserved.
    Summary:
	no macro.
Unit <Controller> synthesized.

Synthesizing Unit <PC>.
    Related source file is "C:\Users\86139\Desktop\courses\co\P5\CPU\PC.v".
WARNING:Xst:647 - Input <D_instruction<31:26>> is never used. This port will be preserved and left unconnected if it belongs to a top-level block or it belongs to a sub-block and the hierarchy of this sub-block is preserved.
    Found 1-bit register for signal <PC<31>>.
    Found 1-bit register for signal <PC<30>>.
    Found 1-bit register for signal <PC<29>>.
    Found 1-bit register for signal <PC<28>>.
    Found 1-bit register for signal <PC<27>>.
    Found 1-bit register for signal <PC<26>>.
    Found 1-bit register for signal <PC<25>>.
    Found 1-bit register for signal <PC<24>>.
    Found 1-bit register for signal <PC<23>>.
    Found 1-bit register for signal <PC<22>>.
    Found 1-bit register for signal <PC<21>>.
    Found 1-bit register for signal <PC<20>>.
    Found 1-bit register for signal <PC<19>>.
    Found 1-bit register for signal <PC<18>>.
    Found 1-bit register for signal <PC<17>>.
    Found 1-bit register for signal <PC<16>>.
    Found 1-bit register for signal <PC<15>>.
    Found 1-bit register for signal <PC<14>>.
    Found 1-bit register for signal <PC<13>>.
    Found 1-bit register for signal <PC<12>>.
    Found 1-bit register for signal <PC<11>>.
    Found 1-bit register for signal <PC<10>>.
    Found 1-bit register for signal <PC<9>>.
    Found 1-bit register for signal <PC<8>>.
    Found 1-bit register for signal <PC<7>>.
    Found 1-bit register for signal <PC<6>>.
    Found 1-bit register for signal <PC<5>>.
    Found 1-bit register for signal <PC<4>>.
    Found 1-bit register for signal <PC<3>>.
    Found 1-bit register for signal <PC<2>>.
    Found 1-bit register for signal <PC<1>>.
    Found 1-bit register for signal <PC<0>>.
    Summary:
	inferred  32 D-type flip-flop(s).
Unit <PC> synthesized.

Synthesizing Unit <IM>.
    Related source file is "C:\Users\86139\Desktop\courses\co\P5\CPU\IM.v".
WARNING:Xst:2999 - Signal 'im_reg', unconnected in block 'IM', is tied to its initial value.
WARNING:Xst:3035 - Index value(s) does not match array range for signal <im_reg>, simulation mismatch.
    Found 4097x32-bit single-port Read Only RAM <Mram_im_reg> for signal <im_reg>.
    Summary:
	inferred   1 RAM(s).
Unit <IM> synthesized.

Synthesizing Unit <D_AT>.
    Related source file is "C:\Users\86139\Desktop\courses\co\P5\CPU\D_AT.v".
WARNING:Xst:647 - Input <instruction<25:6>> is never used. This port will be preserved and left unconnected if it belongs to a top-level block or it belongs to a sub-block and the hierarchy of this sub-block is preserved.
    Summary:
	no macro.
Unit <D_AT> synthesized.

Synthesizing Unit <GRF>.
    Related source file is "C:\Users\86139\Desktop\courses\co\P5\CPU\GRF.v".
WARNING:Xst:647 - Input <WPC> is never used. This port will be preserved and left unconnected if it belongs to a top-level block or it belongs to a sub-block and the hierarchy of this sub-block is preserved.
    Found 1-bit register for signal <register_31<1023>>.
    Found 1-bit register for signal <register_31<1022>>.
    Found 1-bit register for signal <register_31<1021>>.
    Found 1-bit register for signal <register_31<1020>>.
    Found 1-bit register for signal <register_31<1019>>.
    Found 1-bit register for signal <register_31<1018>>.
    Found 1-bit register for signal <register_31<1017>>.
    Found 1-bit register for signal <register_31<1016>>.
    Found 1-bit register for signal <register_31<1015>>.
    Found 1-bit register for signal <register_31<1014>>.
    Found 1-bit register for signal <register_31<1013>>.
    Found 1-bit register for signal <register_31<1012>>.
    Found 1-bit register for signal <register_31<1011>>.
    Found 1-bit register for signal <register_31<1010>>.
    Found 1-bit register for signal <register_31<1009>>.
    Found 1-bit register for signal <register_31<1008>>.
    Found 1-bit register for signal <register_31<1007>>.
    Found 1-bit register for signal <register_31<1006>>.
    Found 1-bit register for signal <register_31<1005>>.
    Found 1-bit register for signal <register_31<1004>>.
    Found 1-bit register for signal <register_31<1003>>.
    Found 1-bit register for signal <register_31<1002>>.
    Found 1-bit register for signal <register_31<1001>>.
    Found 1-bit register for signal <register_31<1000>>.
    Found 1-bit register for signal <register_31<999>>.
    Found 1-bit register for signal <register_31<998>>.
    Found 1-bit register for signal <register_31<997>>.
    Found 1-bit register for signal <register_31<996>>.
    Found 1-bit register for signal <register_31<995>>.
    Found 1-bit register for signal <register_31<994>>.
    Found 1-bit register for signal <register_31<993>>.
    Found 1-bit register for signal <register_31<992>>.
    Found 1-bit register for signal <register_31<991>>.
    Found 1-bit register for signal <register_31<990>>.
    Found 1-bit register for signal <register_31<989>>.
    Found 1-bit register for signal <register_31<988>>.
    Found 1-bit register for signal <register_31<987>>.
    Found 1-bit register for signal <register_31<986>>.
    Found 1-bit register for signal <register_31<985>>.
    Found 1-bit register for signal <register_31<984>>.
    Found 1-bit register for signal <register_31<983>>.
    Found 1-bit register for signal <register_31<982>>.
    Found 1-bit register for signal <register_31<981>>.
    Found 1-bit register for signal <register_31<980>>.
    Found 1-bit register for signal <register_31<979>>.
    Found 1-bit register for signal <register_31<978>>.
    Found 1-bit register for signal <register_31<977>>.
    Found 1-bit register for signal <register_31<976>>.
    Found 1-bit register for signal <register_31<975>>.
    Found 1-bit register for signal <register_31<974>>.
    Found 1-bit register for signal <register_31<973>>.
    Found 1-bit register for signal <register_31<972>>.
    Found 1-bit register for signal <register_31<971>>.
    Found 1-bit register for signal <register_31<970>>.
    Found 1-bit register for signal <register_31<969>>.
    Found 1-bit register for signal <register_31<968>>.
    Found 1-bit register for signal <register_31<967>>.
    Found 1-bit register for signal <register_31<966>>.
    Found 1-bit register for signal <register_31<965>>.
    Found 1-bit register for signal <register_31<964>>.
    Found 1-bit register for signal <register_31<963>>.
    Found 1-bit register for signal <register_31<962>>.
    Found 1-bit register for signal <register_31<961>>.
    Found 1-bit register for signal <register_31<960>>.
    Found 1-bit register for signal <register_31<959>>.
    Found 1-bit register for signal <register_31<958>>.
    Found 1-bit register for signal <register_31<957>>.
    Found 1-bit register for signal <register_31<956>>.
    Found 1-bit register for signal <register_31<955>>.
    Found 1-bit register for signal <register_31<954>>.
    Found 1-bit register for signal <register_31<953>>.
    Found 1-bit register for signal <register_31<952>>.
    Found 1-bit register for signal <register_31<951>>.
    Found 1-bit register for signal <register_31<950>>.
    Found 1-bit register for signal <register_31<949>>.
    Found 1-bit register for signal <register_31<948>>.
    Found 1-bit register for signal <register_31<947>>.
    Found 1-bit register for signal <register_31<946>>.
    Found 1-bit register for signal <register_31<945>>.
    Found 1-bit register for signal <register_31<944>>.
    Found 1-bit register for signal <register_31<943>>.
    Found 1-bit register for signal <register_31<942>>.
    Found 1-bit register for signal <register_31<941>>.
    Found 1-bit register for signal <register_31<940>>.
    Found 1-bit register for signal <register_31<939>>.
    Found 1-bit register for signal <register_31<938>>.
    Found 1-bit register for signal <register_31<937>>.
    Found 1-bit register for signal <register_31<936>>.
    Found 1-bit register for signal <register_31<935>>.
    Found 1-bit register for signal <register_31<934>>.
    Found 1-bit register for signal <register_31<933>>.
    Found 1-bit register for signal <register_31<932>>.
    Found 1-bit register for signal <register_31<931>>.
    Found 1-bit register for signal <register_31<930>>.
    Found 1-bit register for signal <register_31<929>>.
    Found 1-bit register for signal <register_31<928>>.
    Found 1-bit register for signal <register_31<927>>.
    Found 1-bit register for signal <register_31<926>>.
    Found 1-bit register for signal <register_31<925>>.
    Found 1-bit register for signal <register_31<924>>.
    Found 1-bit register for signal <register_31<923>>.
    Found 1-bit register for signal <register_31<922>>.
    Found 1-bit register for signal <register_31<921>>.
    Found 1-bit register for signal <register_31<920>>.
    Found 1-bit register for signal <register_31<919>>.
    Found 1-bit register for signal <register_31<918>>.
    Found 1-bit register for signal <register_31<917>>.
    Found 1-bit register for signal <register_31<916>>.
    Found 1-bit register for signal <register_31<915>>.
    Found 1-bit register for signal <register_31<914>>.
    Found 1-bit register for signal <register_31<913>>.
    Found 1-bit register for signal <register_31<912>>.
    Found 1-bit register for signal <register_31<911>>.
    Found 1-bit register for signal <register_31<910>>.
    Found 1-bit register for signal <register_31<909>>.
    Found 1-bit register for signal <register_31<908>>.
    Found 1-bit register for signal <register_31<907>>.
    Found 1-bit register for signal <register_31<906>>.
    Found 1-bit register for signal <register_31<905>>.
    Found 1-bit register for signal <register_31<904>>.
    Found 1-bit register for signal <register_31<903>>.
    Found 1-bit register for signal <register_31<902>>.
    Found 1-bit register for signal <register_31<901>>.
    Found 1-bit register for signal <register_31<900>>.
    Found 1-bit register for signal <register_31<899>>.
    Found 1-bit register for signal <register_31<898>>.
    Found 1-bit register for signal <register_31<897>>.
    Found 1-bit register for signal <register_31<896>>.
    Found 1-bit register for signal <register_31<895>>.
    Found 1-bit register for signal <register_31<894>>.
    Found 1-bit register for signal <register_31<893>>.
    Found 1-bit register for signal <register_31<892>>.
    Found 1-bit register for signal <register_31<891>>.
    Found 1-bit register for signal <register_31<890>>.
    Found 1-bit register for signal <register_31<889>>.
    Found 1-bit register for signal <register_31<888>>.
    Found 1-bit register for signal <register_31<887>>.
    Found 1-bit register for signal <register_31<886>>.
    Found 1-bit register for signal <register_31<885>>.
    Found 1-bit register for signal <register_31<884>>.
    Found 1-bit register for signal <register_31<883>>.
    Found 1-bit register for signal <register_31<882>>.
    Found 1-bit register for signal <register_31<881>>.
    Found 1-bit register for signal <register_31<880>>.
    Found 1-bit register for signal <register_31<879>>.
    Found 1-bit register for signal <register_31<878>>.
    Found 1-bit register for signal <register_31<877>>.
    Found 1-bit register for signal <register_31<876>>.
    Found 1-bit register for signal <register_31<875>>.
    Found 1-bit register for signal <register_31<874>>.
    Found 1-bit register for signal <register_31<873>>.
    Found 1-bit register for signal <register_31<872>>.
    Found 1-bit register for signal <register_31<871>>.
    Found 1-bit register for signal <register_31<870>>.
    Found 1-bit register for signal <register_31<869>>.
    Found 1-bit register for signal <register_31<868>>.
    Found 1-bit register for signal <register_31<867>>.
    Found 1-bit register for signal <register_31<866>>.
    Found 1-bit register for signal <register_31<865>>.
    Found 1-bit register for signal <register_31<864>>.
    Found 1-bit register for signal <register_31<863>>.
    Found 1-bit register for signal <register_31<862>>.
    Found 1-bit register for signal <register_31<861>>.
    Found 1-bit register for signal <register_31<860>>.
    Found 1-bit register for signal <register_31<859>>.
    Found 1-bit register for signal <register_31<858>>.
    Found 1-bit register for signal <register_31<857>>.
    Found 1-bit register for signal <register_31<856>>.
    Found 1-bit register for signal <register_31<855>>.
    Found 1-bit register for signal <register_31<854>>.
    Found 1-bit register for signal <register_31<853>>.
    Found 1-bit register for signal <register_31<852>>.
    Found 1-bit register for signal <register_31<851>>.
    Found 1-bit register for signal <register_31<850>>.
    Found 1-bit register for signal <register_31<849>>.
    Found 1-bit register for signal <register_31<848>>.
    Found 1-bit register for signal <register_31<847>>.
    Found 1-bit register for signal <register_31<846>>.
    Found 1-bit register for signal <register_31<845>>.
    Found 1-bit register for signal <register_31<844>>.
    Found 1-bit register for signal <register_31<843>>.
    Found 1-bit register for signal <register_31<842>>.
    Found 1-bit register for signal <register_31<841>>.
    Found 1-bit register for signal <register_31<840>>.
    Found 1-bit register for signal <register_31<839>>.
    Found 1-bit register for signal <register_31<838>>.
    Found 1-bit register for signal <register_31<837>>.
    Found 1-bit register for signal <register_31<836>>.
    Found 1-bit register for signal <register_31<835>>.
    Found 1-bit register for signal <register_31<834>>.
    Found 1-bit register for signal <register_31<833>>.
    Found 1-bit register for signal <register_31<832>>.
    Found 1-bit register for signal <register_31<831>>.
    Found 1-bit register for signal <register_31<830>>.
    Found 1-bit register for signal <register_31<829>>.
    Found 1-bit register for signal <register_31<828>>.
    Found 1-bit register for signal <register_31<827>>.
    Found 1-bit register for signal <register_31<826>>.
    Found 1-bit register for signal <register_31<825>>.
    Found 1-bit register for signal <register_31<824>>.
    Found 1-bit register for signal <register_31<823>>.
    Found 1-bit register for signal <register_31<822>>.
    Found 1-bit register for signal <register_31<821>>.
    Found 1-bit register for signal <register_31<820>>.
    Found 1-bit register for signal <register_31<819>>.
    Found 1-bit register for signal <register_31<818>>.
    Found 1-bit register for signal <register_31<817>>.
    Found 1-bit register for signal <register_31<816>>.
    Found 1-bit register for signal <register_31<815>>.
    Found 1-bit register for signal <register_31<814>>.
    Found 1-bit register for signal <register_31<813>>.
    Found 1-bit register for signal <register_31<812>>.
    Found 1-bit register for signal <register_31<811>>.
    Found 1-bit register for signal <register_31<810>>.
    Found 1-bit register for signal <register_31<809>>.
    Found 1-bit register for signal <register_31<808>>.
    Found 1-bit register for signal <register_31<807>>.
    Found 1-bit register for signal <register_31<806>>.
    Found 1-bit register for signal <register_31<805>>.
    Found 1-bit register for signal <register_31<804>>.
    Found 1-bit register for signal <register_31<803>>.
    Found 1-bit register for signal <register_31<802>>.
    Found 1-bit register for signal <register_31<801>>.
    Found 1-bit register for signal <register_31<800>>.
    Found 1-bit register for signal <register_31<799>>.
    Found 1-bit register for signal <register_31<798>>.
    Found 1-bit register for signal <register_31<797>>.
    Found 1-bit register for signal <register_31<796>>.
    Found 1-bit register for signal <register_31<795>>.
    Found 1-bit register for signal <register_31<794>>.
    Found 1-bit register for signal <register_31<793>>.
    Found 1-bit register for signal <register_31<792>>.
    Found 1-bit register for signal <register_31<791>>.
    Found 1-bit register for signal <register_31<790>>.
    Found 1-bit register for signal <register_31<789>>.
    Found 1-bit register for signal <register_31<788>>.
    Found 1-bit register for signal <register_31<787>>.
    Found 1-bit register for signal <register_31<786>>.
    Found 1-bit register for signal <register_31<785>>.
    Found 1-bit register for signal <register_31<784>>.
    Found 1-bit register for signal <register_31<783>>.
    Found 1-bit register for signal <register_31<782>>.
    Found 1-bit register for signal <register_31<781>>.
    Found 1-bit register for signal <register_31<780>>.
    Found 1-bit register for signal <register_31<779>>.
    Found 1-bit register for signal <register_31<778>>.
    Found 1-bit register for signal <register_31<777>>.
    Found 1-bit register for signal <register_31<776>>.
    Found 1-bit register for signal <register_31<775>>.
    Found 1-bit register for signal <register_31<774>>.
    Found 1-bit register for signal <register_31<773>>.
    Found 1-bit register for signal <register_31<772>>.
    Found 1-bit register for signal <register_31<771>>.
    Found 1-bit register for signal <register_31<770>>.
    Found 1-bit register for signal <register_31<769>>.
    Found 1-bit register for signal <register_31<768>>.
    Found 1-bit register for signal <register_31<767>>.
    Found 1-bit register for signal <register_31<766>>.
    Found 1-bit register for signal <register_31<765>>.
    Found 1-bit register for signal <register_31<764>>.
    Found 1-bit register for signal <register_31<763>>.
    Found 1-bit register for signal <register_31<762>>.
    Found 1-bit register for signal <register_31<761>>.
    Found 1-bit register for signal <register_31<760>>.
    Found 1-bit register for signal <register_31<759>>.
    Found 1-bit register for signal <register_31<758>>.
    Found 1-bit register for signal <register_31<757>>.
    Found 1-bit register for signal <register_31<756>>.
    Found 1-bit register for signal <register_31<755>>.
    Found 1-bit register for signal <register_31<754>>.
    Found 1-bit register for signal <register_31<753>>.
    Found 1-bit register for signal <register_31<752>>.
    Found 1-bit register for signal <register_31<751>>.
    Found 1-bit register for signal <register_31<750>>.
    Found 1-bit register for signal <register_31<749>>.
    Found 1-bit register for signal <register_31<748>>.
    Found 1-bit register for signal <register_31<747>>.
    Found 1-bit register for signal <register_31<746>>.
    Found 1-bit register for signal <register_31<745>>.
    Found 1-bit register for signal <register_31<744>>.
    Found 1-bit register for signal <register_31<743>>.
    Found 1-bit register for signal <register_31<742>>.
    Found 1-bit register for signal <register_31<741>>.
    Found 1-bit register for signal <register_31<740>>.
    Found 1-bit register for signal <register_31<739>>.
    Found 1-bit register for signal <register_31<738>>.
    Found 1-bit register for signal <register_31<737>>.
    Found 1-bit register for signal <register_31<736>>.
    Found 1-bit register for signal <register_31<735>>.
    Found 1-bit register for signal <register_31<734>>.
    Found 1-bit register for signal <register_31<733>>.
    Found 1-bit register for signal <register_31<732>>.
    Found 1-bit register for signal <register_31<731>>.
    Found 1-bit register for signal <register_31<730>>.
    Found 1-bit register for signal <register_31<729>>.
    Found 1-bit register for signal <register_31<728>>.
    Found 1-bit register for signal <register_31<727>>.
    Found 1-bit register for signal <register_31<726>>.
    Found 1-bit register for signal <register_31<725>>.
    Found 1-bit register for signal <register_31<724>>.
    Found 1-bit register for signal <register_31<723>>.
    Found 1-bit register for signal <register_31<722>>.
    Found 1-bit register for signal <register_31<721>>.
    Found 1-bit register for signal <register_31<720>>.
    Found 1-bit register for signal <register_31<719>>.
    Found 1-bit register for signal <register_31<718>>.
    Found 1-bit register for signal <register_31<717>>.
    Found 1-bit register for signal <register_31<716>>.
    Found 1-bit register for signal <register_31<715>>.
    Found 1-bit register for signal <register_31<714>>.
    Found 1-bit register for signal <register_31<713>>.
    Found 1-bit register for signal <register_31<712>>.
    Found 1-bit register for signal <register_31<711>>.
    Found 1-bit register for signal <register_31<710>>.
    Found 1-bit register for signal <register_31<709>>.
    Found 1-bit register for signal <register_31<708>>.
    Found 1-bit register for signal <register_31<707>>.
    Found 1-bit register for signal <register_31<706>>.
    Found 1-bit register for signal <register_31<705>>.
    Found 1-bit register for signal <register_31<704>>.
    Found 1-bit register for signal <register_31<703>>.
    Found 1-bit register for signal <register_31<702>>.
    Found 1-bit register for signal <register_31<701>>.
    Found 1-bit register for signal <register_31<700>>.
    Found 1-bit register for signal <register_31<699>>.
    Found 1-bit register for signal <register_31<698>>.
    Found 1-bit register for signal <register_31<697>>.
    Found 1-bit register for signal <register_31<696>>.
    Found 1-bit register for signal <register_31<695>>.
    Found 1-bit register for signal <register_31<694>>.
    Found 1-bit register for signal <register_31<693>>.
    Found 1-bit register for signal <register_31<692>>.
    Found 1-bit register for signal <register_31<691>>.
    Found 1-bit register for signal <register_31<690>>.
    Found 1-bit register for signal <register_31<689>>.
    Found 1-bit register for signal <register_31<688>>.
    Found 1-bit register for signal <register_31<687>>.
    Found 1-bit register for signal <register_31<686>>.
    Found 1-bit register for signal <register_31<685>>.
    Found 1-bit register for signal <register_31<684>>.
    Found 1-bit register for signal <register_31<683>>.
    Found 1-bit register for signal <register_31<682>>.
    Found 1-bit register for signal <register_31<681>>.
    Found 1-bit register for signal <register_31<680>>.
    Found 1-bit register for signal <register_31<679>>.
    Found 1-bit register for signal <register_31<678>>.
    Found 1-bit register for signal <register_31<677>>.
    Found 1-bit register for signal <register_31<676>>.
    Found 1-bit register for signal <register_31<675>>.
    Found 1-bit register for signal <register_31<674>>.
    Found 1-bit register for signal <register_31<673>>.
    Found 1-bit register for signal <register_31<672>>.
    Found 1-bit register for signal <register_31<671>>.
    Found 1-bit register for signal <register_31<670>>.
    Found 1-bit register for signal <register_31<669>>.
    Found 1-bit register for signal <register_31<668>>.
    Found 1-bit register for signal <register_31<667>>.
    Found 1-bit register for signal <register_31<666>>.
    Found 1-bit register for signal <register_31<665>>.
    Found 1-bit register for signal <register_31<664>>.
    Found 1-bit register for signal <register_31<663>>.
    Found 1-bit register for signal <register_31<662>>.
    Found 1-bit register for signal <register_31<661>>.
    Found 1-bit register for signal <register_31<660>>.
    Found 1-bit register for signal <register_31<659>>.
    Found 1-bit register for signal <register_31<658>>.
    Found 1-bit register for signal <register_31<657>>.
    Found 1-bit register for signal <register_31<656>>.
    Found 1-bit register for signal <register_31<655>>.
    Found 1-bit register for signal <register_31<654>>.
    Found 1-bit register for signal <register_31<653>>.
    Found 1-bit register for signal <register_31<652>>.
    Found 1-bit register for signal <register_31<651>>.
    Found 1-bit register for signal <register_31<650>>.
    Found 1-bit register for signal <register_31<649>>.
    Found 1-bit register for signal <register_31<648>>.
    Found 1-bit register for signal <register_31<647>>.
    Found 1-bit register for signal <register_31<646>>.
    Found 1-bit register for signal <register_31<645>>.
    Found 1-bit register for signal <register_31<644>>.
    Found 1-bit register for signal <register_31<643>>.
    Found 1-bit register for signal <register_31<642>>.
    Found 1-bit register for signal <register_31<641>>.
    Found 1-bit register for signal <register_31<640>>.
    Found 1-bit register for signal <register_31<639>>.
    Found 1-bit register for signal <register_31<638>>.
    Found 1-bit register for signal <register_31<637>>.
    Found 1-bit register for signal <register_31<636>>.
    Found 1-bit register for signal <register_31<635>>.
    Found 1-bit register for signal <register_31<634>>.
    Found 1-bit register for signal <register_31<633>>.
    Found 1-bit register for signal <register_31<632>>.
    Found 1-bit register for signal <register_31<631>>.
    Found 1-bit register for signal <register_31<630>>.
    Found 1-bit register for signal <register_31<629>>.
    Found 1-bit register for signal <register_31<628>>.
    Found 1-bit register for signal <register_31<627>>.
    Found 1-bit register for signal <register_31<626>>.
    Found 1-bit register for signal <register_31<625>>.
    Found 1-bit register for signal <register_31<624>>.
    Found 1-bit register for signal <register_31<623>>.
    Found 1-bit register for signal <register_31<622>>.
    Found 1-bit register for signal <register_31<621>>.
    Found 1-bit register for signal <register_31<620>>.
    Found 1-bit register for signal <register_31<619>>.
    Found 1-bit register for signal <register_31<618>>.
    Found 1-bit register for signal <register_31<617>>.
    Found 1-bit register for signal <register_31<616>>.
    Found 1-bit register for signal <register_31<615>>.
    Found 1-bit register for signal <register_31<614>>.
    Found 1-bit register for signal <register_31<613>>.
    Found 1-bit register for signal <register_31<612>>.
    Found 1-bit register for signal <register_31<611>>.
    Found 1-bit register for signal <register_31<610>>.
    Found 1-bit register for signal <register_31<609>>.
    Found 1-bit register for signal <register_31<608>>.
    Found 1-bit register for signal <register_31<607>>.
    Found 1-bit register for signal <register_31<606>>.
    Found 1-bit register for signal <register_31<605>>.
    Found 1-bit register for signal <register_31<604>>.
    Found 1-bit register for signal <register_31<603>>.
    Found 1-bit register for signal <register_31<602>>.
    Found 1-bit register for signal <register_31<601>>.
    Found 1-bit register for signal <register_31<600>>.
    Found 1-bit register for signal <register_31<599>>.
    Found 1-bit register for signal <register_31<598>>.
    Found 1-bit register for signal <register_31<597>>.
    Found 1-bit register for signal <register_31<596>>.
    Found 1-bit register for signal <register_31<595>>.
    Found 1-bit register for signal <register_31<594>>.
    Found 1-bit register for signal <register_31<593>>.
    Found 1-bit register for signal <register_31<592>>.
    Found 1-bit register for signal <register_31<591>>.
    Found 1-bit register for signal <register_31<590>>.
    Found 1-bit register for signal <register_31<589>>.
    Found 1-bit register for signal <register_31<588>>.
    Found 1-bit register for signal <register_31<587>>.
    Found 1-bit register for signal <register_31<586>>.
    Found 1-bit register for signal <register_31<585>>.
    Found 1-bit register for signal <register_31<584>>.
    Found 1-bit register for signal <register_31<583>>.
    Found 1-bit register for signal <register_31<582>>.
    Found 1-bit register for signal <register_31<581>>.
    Found 1-bit register for signal <register_31<580>>.
    Found 1-bit register for signal <register_31<579>>.
    Found 1-bit register for signal <register_31<578>>.
    Found 1-bit register for signal <register_31<577>>.
    Found 1-bit register for signal <register_31<576>>.
    Found 1-bit register for signal <register_31<575>>.
    Found 1-bit register for signal <register_31<574>>.
    Found 1-bit register for signal <register_31<573>>.
    Found 1-bit register for signal <register_31<572>>.
    Found 1-bit register for signal <register_31<571>>.
    Found 1-bit register for signal <register_31<570>>.
    Found 1-bit register for signal <register_31<569>>.
    Found 1-bit register for signal <register_31<568>>.
    Found 1-bit register for signal <register_31<567>>.
    Found 1-bit register for signal <register_31<566>>.
    Found 1-bit register for signal <register_31<565>>.
    Found 1-bit register for signal <register_31<564>>.
    Found 1-bit register for signal <register_31<563>>.
    Found 1-bit register for signal <register_31<562>>.
    Found 1-bit register for signal <register_31<561>>.
    Found 1-bit register for signal <register_31<560>>.
    Found 1-bit register for signal <register_31<559>>.
    Found 1-bit register for signal <register_31<558>>.
    Found 1-bit register for signal <register_31<557>>.
    Found 1-bit register for signal <register_31<556>>.
    Found 1-bit register for signal <register_31<555>>.
    Found 1-bit register for signal <register_31<554>>.
    Found 1-bit register for signal <register_31<553>>.
    Found 1-bit register for signal <register_31<552>>.
    Found 1-bit register for signal <register_31<551>>.
    Found 1-bit register for signal <register_31<550>>.
    Found 1-bit register for signal <register_31<549>>.
    Found 1-bit register for signal <register_31<548>>.
    Found 1-bit register for signal <register_31<547>>.
    Found 1-bit register for signal <register_31<546>>.
    Found 1-bit register for signal <register_31<545>>.
    Found 1-bit register for signal <register_31<544>>.
    Found 1-bit register for signal <register_31<543>>.
    Found 1-bit register for signal <register_31<542>>.
    Found 1-bit register for signal <register_31<541>>.
    Found 1-bit register for signal <register_31<540>>.
    Found 1-bit register for signal <register_31<539>>.
    Found 1-bit register for signal <register_31<538>>.
    Found 1-bit register for signal <register_31<537>>.
    Found 1-bit register for signal <register_31<536>>.
    Found 1-bit register for signal <register_31<535>>.
    Found 1-bit register for signal <register_31<534>>.
    Found 1-bit register for signal <register_31<533>>.
    Found 1-bit register for signal <register_31<532>>.
    Found 1-bit register for signal <register_31<531>>.
    Found 1-bit register for signal <register_31<530>>.
    Found 1-bit register for signal <register_31<529>>.
    Found 1-bit register for signal <register_31<528>>.
    Found 1-bit register for signal <register_31<527>>.
    Found 1-bit register for signal <register_31<526>>.
    Found 1-bit register for signal <register_31<525>>.
    Found 1-bit register for signal <register_31<524>>.
    Found 1-bit register for signal <register_31<523>>.
    Found 1-bit register for signal <register_31<522>>.
    Found 1-bit register for signal <register_31<521>>.
    Found 1-bit register for signal <register_31<520>>.
    Found 1-bit register for signal <register_31<519>>.
    Found 1-bit register for signal <register_31<518>>.
    Found 1-bit register for signal <register_31<517>>.
    Found 1-bit register for signal <register_31<516>>.
    Found 1-bit register for signal <register_31<515>>.
    Found 1-bit register for signal <register_31<514>>.
    Found 1-bit register for signal <register_31<513>>.
    Found 1-bit register for signal <register_31<512>>.
    Found 1-bit register for signal <register_31<511>>.
    Found 1-bit register for signal <register_31<510>>.
    Found 1-bit register for signal <register_31<509>>.
    Found 1-bit register for signal <register_31<508>>.
    Found 1-bit register for signal <register_31<507>>.
    Found 1-bit register for signal <register_31<506>>.
    Found 1-bit register for signal <register_31<505>>.
    Found 1-bit register for signal <register_31<504>>.
    Found 1-bit register for signal <register_31<503>>.
    Found 1-bit register for signal <register_31<502>>.
    Found 1-bit register for signal <register_31<501>>.
    Found 1-bit register for signal <register_31<500>>.
    Found 1-bit register for signal <register_31<499>>.
    Found 1-bit register for signal <register_31<498>>.
    Found 1-bit register for signal <register_31<497>>.
    Found 1-bit register for signal <register_31<496>>.
    Found 1-bit register for signal <register_31<495>>.
    Found 1-bit register for signal <register_31<494>>.
    Found 1-bit register for signal <register_31<493>>.
    Found 1-bit register for signal <register_31<492>>.
    Found 1-bit register for signal <register_31<491>>.
    Found 1-bit register for signal <register_31<490>>.
    Found 1-bit register for signal <register_31<489>>.
    Found 1-bit register for signal <register_31<488>>.
    Found 1-bit register for signal <register_31<487>>.
    Found 1-bit register for signal <register_31<486>>.
    Found 1-bit register for signal <register_31<485>>.
    Found 1-bit register for signal <register_31<484>>.
    Found 1-bit register for signal <register_31<483>>.
    Found 1-bit register for signal <register_31<482>>.
    Found 1-bit register for signal <register_31<481>>.
    Found 1-bit register for signal <register_31<480>>.
    Found 1-bit register for signal <register_31<479>>.
    Found 1-bit register for signal <register_31<478>>.
    Found 1-bit register for signal <register_31<477>>.
    Found 1-bit register for signal <register_31<476>>.
    Found 1-bit register for signal <register_31<475>>.
    Found 1-bit register for signal <register_31<474>>.
    Found 1-bit register for signal <register_31<473>>.
    Found 1-bit register for signal <register_31<472>>.
    Found 1-bit register for signal <register_31<471>>.
    Found 1-bit register for signal <register_31<470>>.
    Found 1-bit register for signal <register_31<469>>.
    Found 1-bit register for signal <register_31<468>>.
    Found 1-bit register for signal <register_31<467>>.
    Found 1-bit register for signal <register_31<466>>.
    Found 1-bit register for signal <register_31<465>>.
    Found 1-bit register for signal <register_31<464>>.
    Found 1-bit register for signal <register_31<463>>.
    Found 1-bit register for signal <register_31<462>>.
    Found 1-bit register for signal <register_31<461>>.
    Found 1-bit register for signal <register_31<460>>.
    Found 1-bit register for signal <register_31<459>>.
    Found 1-bit register for signal <register_31<458>>.
    Found 1-bit register for signal <register_31<457>>.
    Found 1-bit register for signal <register_31<456>>.
    Found 1-bit register for signal <register_31<455>>.
    Found 1-bit register for signal <register_31<454>>.
    Found 1-bit register for signal <register_31<453>>.
    Found 1-bit register for signal <register_31<452>>.
    Found 1-bit register for signal <register_31<451>>.
    Found 1-bit register for signal <register_31<450>>.
    Found 1-bit register for signal <register_31<449>>.
    Found 1-bit register for signal <register_31<448>>.
    Found 1-bit register for signal <register_31<447>>.
    Found 1-bit register for signal <register_31<446>>.
    Found 1-bit register for signal <register_31<445>>.
    Found 1-bit register for signal <register_31<444>>.
    Found 1-bit register for signal <register_31<443>>.
    Found 1-bit register for signal <register_31<442>>.
    Found 1-bit register for signal <register_31<441>>.
    Found 1-bit register for signal <register_31<440>>.
    Found 1-bit register for signal <register_31<439>>.
    Found 1-bit register for signal <register_31<438>>.
    Found 1-bit register for signal <register_31<437>>.
    Found 1-bit register for signal <register_31<436>>.
    Found 1-bit register for signal <register_31<435>>.
    Found 1-bit register for signal <register_31<434>>.
    Found 1-bit register for signal <register_31<433>>.
    Found 1-bit register for signal <register_31<432>>.
    Found 1-bit register for signal <register_31<431>>.
    Found 1-bit register for signal <register_31<430>>.
    Found 1-bit register for signal <register_31<429>>.
    Found 1-bit register for signal <register_31<428>>.
    Found 1-bit register for signal <register_31<427>>.
    Found 1-bit register for signal <register_31<426>>.
    Found 1-bit register for signal <register_31<425>>.
    Found 1-bit register for signal <register_31<424>>.
    Found 1-bit register for signal <register_31<423>>.
    Found 1-bit register for signal <register_31<422>>.
    Found 1-bit register for signal <register_31<421>>.
    Found 1-bit register for signal <register_31<420>>.
    Found 1-bit register for signal <register_31<419>>.
    Found 1-bit register for signal <register_31<418>>.
    Found 1-bit register for signal <register_31<417>>.
    Found 1-bit register for signal <register_31<416>>.
    Found 1-bit register for signal <register_31<415>>.
    Found 1-bit register for signal <register_31<414>>.
    Found 1-bit register for signal <register_31<413>>.
    Found 1-bit register for signal <register_31<412>>.
    Found 1-bit register for signal <register_31<411>>.
    Found 1-bit register for signal <register_31<410>>.
    Found 1-bit register for signal <register_31<409>>.
    Found 1-bit register for signal <register_31<408>>.
    Found 1-bit register for signal <register_31<407>>.
    Found 1-bit register for signal <register_31<406>>.
    Found 1-bit register for signal <register_31<405>>.
    Found 1-bit register for signal <register_31<404>>.
    Found 1-bit register for signal <register_31<403>>.
    Found 1-bit register for signal <register_31<402>>.
    Found 1-bit register for signal <register_31<401>>.
    Found 1-bit register for signal <register_31<400>>.
    Found 1-bit register for signal <register_31<399>>.
    Found 1-bit register for signal <register_31<398>>.
    Found 1-bit register for signal <register_31<397>>.
    Found 1-bit register for signal <register_31<396>>.
    Found 1-bit register for signal <register_31<395>>.
    Found 1-bit register for signal <register_31<394>>.
    Found 1-bit register for signal <register_31<393>>.
    Found 1-bit register for signal <register_31<392>>.
    Found 1-bit register for signal <register_31<391>>.
    Found 1-bit register for signal <register_31<390>>.
    Found 1-bit register for signal <register_31<389>>.
    Found 1-bit register for signal <register_31<388>>.
    Found 1-bit register for signal <register_31<387>>.
    Found 1-bit register for signal <register_31<386>>.
    Found 1-bit register for signal <register_31<385>>.
    Found 1-bit register for signal <register_31<384>>.
    Found 1-bit register for signal <register_31<383>>.
    Found 1-bit register for signal <register_31<382>>.
    Found 1-bit register for signal <register_31<381>>.
    Found 1-bit register for signal <register_31<380>>.
    Found 1-bit register for signal <register_31<379>>.
    Found 1-bit register for signal <register_31<378>>.
    Found 1-bit register for signal <register_31<377>>.
    Found 1-bit register for signal <register_31<376>>.
    Found 1-bit register for signal <register_31<375>>.
    Found 1-bit register for signal <register_31<374>>.
    Found 1-bit register for signal <register_31<373>>.
    Found 1-bit register for signal <register_31<372>>.
    Found 1-bit register for signal <register_31<371>>.
    Found 1-bit register for signal <register_31<370>>.
    Found 1-bit register for signal <register_31<369>>.
    Found 1-bit register for signal <register_31<368>>.
    Found 1-bit register for signal <register_31<367>>.
    Found 1-bit register for signal <register_31<366>>.
    Found 1-bit register for signal <register_31<365>>.
    Found 1-bit register for signal <register_31<364>>.
    Found 1-bit register for signal <register_31<363>>.
    Found 1-bit register for signal <register_31<362>>.
    Found 1-bit register for signal <register_31<361>>.
    Found 1-bit register for signal <register_31<360>>.
    Found 1-bit register for signal <register_31<359>>.
    Found 1-bit register for signal <register_31<358>>.
    Found 1-bit register for signal <register_31<357>>.
    Found 1-bit register for signal <register_31<356>>.
    Found 1-bit register for signal <register_31<355>>.
    Found 1-bit register for signal <register_31<354>>.
    Found 1-bit register for signal <register_31<353>>.
    Found 1-bit register for signal <register_31<352>>.
    Found 1-bit register for signal <register_31<351>>.
    Found 1-bit register for signal <register_31<350>>.
    Found 1-bit register for signal <register_31<349>>.
    Found 1-bit register for signal <register_31<348>>.
    Found 1-bit register for signal <register_31<347>>.
    Found 1-bit register for signal <register_31<346>>.
    Found 1-bit register for signal <register_31<345>>.
    Found 1-bit register for signal <register_31<344>>.
    Found 1-bit register for signal <register_31<343>>.
    Found 1-bit register for signal <register_31<342>>.
    Found 1-bit register for signal <register_31<341>>.
    Found 1-bit register for signal <register_31<340>>.
    Found 1-bit register for signal <register_31<339>>.
    Found 1-bit register for signal <register_31<338>>.
    Found 1-bit register for signal <register_31<337>>.
    Found 1-bit register for signal <register_31<336>>.
    Found 1-bit register for signal <register_31<335>>.
    Found 1-bit register for signal <register_31<334>>.
    Found 1-bit register for signal <register_31<333>>.
    Found 1-bit register for signal <register_31<332>>.
    Found 1-bit register for signal <register_31<331>>.
    Found 1-bit register for signal <register_31<330>>.
    Found 1-bit register for signal <register_31<329>>.
    Found 1-bit register for signal <register_31<328>>.
    Found 1-bit register for signal <register_31<327>>.
    Found 1-bit register for signal <register_31<326>>.
    Found 1-bit register for signal <register_31<325>>.
    Found 1-bit register for signal <register_31<324>>.
    Found 1-bit register for signal <register_31<323>>.
    Found 1-bit register for signal <register_31<322>>.
    Found 1-bit register for signal <register_31<321>>.
    Found 1-bit register for signal <register_31<320>>.
    Found 1-bit register for signal <register_31<319>>.
    Found 1-bit register for signal <register_31<318>>.
    Found 1-bit register for signal <register_31<317>>.
    Found 1-bit register for signal <register_31<316>>.
    Found 1-bit register for signal <register_31<315>>.
    Found 1-bit register for signal <register_31<314>>.
    Found 1-bit register for signal <register_31<313>>.
    Found 1-bit register for signal <register_31<312>>.
    Found 1-bit register for signal <register_31<311>>.
    Found 1-bit register for signal <register_31<310>>.
    Found 1-bit register for signal <register_31<309>>.
    Found 1-bit register for signal <register_31<308>>.
    Found 1-bit register for signal <register_31<307>>.
    Found 1-bit register for signal <register_31<306>>.
    Found 1-bit register for signal <register_31<305>>.
    Found 1-bit register for signal <register_31<304>>.
    Found 1-bit register for signal <register_31<303>>.
    Found 1-bit register for signal <register_31<302>>.
    Found 1-bit register for signal <register_31<301>>.
    Found 1-bit register for signal <register_31<300>>.
    Found 1-bit register for signal <register_31<299>>.
    Found 1-bit register for signal <register_31<298>>.
    Found 1-bit register for signal <register_31<297>>.
    Found 1-bit register for signal <register_31<296>>.
    Found 1-bit register for signal <register_31<295>>.
    Found 1-bit register for signal <register_31<294>>.
    Found 1-bit register for signal <register_31<293>>.
    Found 1-bit register for signal <register_31<292>>.
    Found 1-bit register for signal <register_31<291>>.
    Found 1-bit register for signal <register_31<290>>.
    Found 1-bit register for signal <register_31<289>>.
    Found 1-bit register for signal <register_31<288>>.
    Found 1-bit register for signal <register_31<287>>.
    Found 1-bit register for signal <register_31<286>>.
    Found 1-bit register for signal <register_31<285>>.
    Found 1-bit register for signal <register_31<284>>.
    Found 1-bit register for signal <register_31<283>>.
    Found 1-bit register for signal <register_31<282>>.
    Found 1-bit register for signal <register_31<281>>.
    Found 1-bit register for signal <register_31<280>>.
    Found 1-bit register for signal <register_31<279>>.
    Found 1-bit register for signal <register_31<278>>.
    Found 1-bit register for signal <register_31<277>>.
    Found 1-bit register for signal <register_31<276>>.
    Found 1-bit register for signal <register_31<275>>.
    Found 1-bit register for signal <register_31<274>>.
    Found 1-bit register for signal <register_31<273>>.
    Found 1-bit register for signal <register_31<272>>.
    Found 1-bit register for signal <register_31<271>>.
    Found 1-bit register for signal <register_31<270>>.
    Found 1-bit register for signal <register_31<269>>.
    Found 1-bit register for signal <register_31<268>>.
    Found 1-bit register for signal <register_31<267>>.
    Found 1-bit register for signal <register_31<266>>.
    Found 1-bit register for signal <register_31<265>>.
    Found 1-bit register for signal <register_31<264>>.
    Found 1-bit register for signal <register_31<263>>.
    Found 1-bit register for signal <register_31<262>>.
    Found 1-bit register for signal <register_31<261>>.
    Found 1-bit register for signal <register_31<260>>.
    Found 1-bit register for signal <register_31<259>>.
    Found 1-bit register for signal <register_31<258>>.
    Found 1-bit register for signal <register_31<257>>.
    Found 1-bit register for signal <register_31<256>>.
    Found 1-bit register for signal <register_31<255>>.
    Found 1-bit register for signal <register_31<254>>.
    Found 1-bit register for signal <register_31<253>>.
    Found 1-bit register for signal <register_31<252>>.
    Found 1-bit register for signal <register_31<251>>.
    Found 1-bit register for signal <register_31<250>>.
    Found 1-bit register for signal <register_31<249>>.
    Found 1-bit register for signal <register_31<248>>.
    Found 1-bit register for signal <register_31<247>>.
    Found 1-bit register for signal <register_31<246>>.
    Found 1-bit register for signal <register_31<245>>.
    Found 1-bit register for signal <register_31<244>>.
    Found 1-bit register for signal <register_31<243>>.
    Found 1-bit register for signal <register_31<242>>.
    Found 1-bit register for signal <register_31<241>>.
    Found 1-bit register for signal <register_31<240>>.
    Found 1-bit register for signal <register_31<239>>.
    Found 1-bit register for signal <register_31<238>>.
    Found 1-bit register for signal <register_31<237>>.
    Found 1-bit register for signal <register_31<236>>.
    Found 1-bit register for signal <register_31<235>>.
    Found 1-bit register for signal <register_31<234>>.
    Found 1-bit register for signal <register_31<233>>.
    Found 1-bit register for signal <register_31<232>>.
    Found 1-bit register for signal <register_31<231>>.
    Found 1-bit register for signal <register_31<230>>.
    Found 1-bit register for signal <register_31<229>>.
    Found 1-bit register for signal <register_31<228>>.
    Found 1-bit register for signal <register_31<227>>.
    Found 1-bit register for signal <register_31<226>>.
    Found 1-bit register for signal <register_31<225>>.
    Found 1-bit register for signal <register_31<224>>.
    Found 1-bit register for signal <register_31<223>>.
    Found 1-bit register for signal <register_31<222>>.
    Found 1-bit register for signal <register_31<221>>.
    Found 1-bit register for signal <register_31<220>>.
    Found 1-bit register for signal <register_31<219>>.
    Found 1-bit register for signal <register_31<218>>.
    Found 1-bit register for signal <register_31<217>>.
    Found 1-bit register for signal <register_31<216>>.
    Found 1-bit register for signal <register_31<215>>.
    Found 1-bit register for signal <register_31<214>>.
    Found 1-bit register for signal <register_31<213>>.
    Found 1-bit register for signal <register_31<212>>.
    Found 1-bit register for signal <register_31<211>>.
    Found 1-bit register for signal <register_31<210>>.
    Found 1-bit register for signal <register_31<209>>.
    Found 1-bit register for signal <register_31<208>>.
    Found 1-bit register for signal <register_31<207>>.
    Found 1-bit register for signal <register_31<206>>.
    Found 1-bit register for signal <register_31<205>>.
    Found 1-bit register for signal <register_31<204>>.
    Found 1-bit register for signal <register_31<203>>.
    Found 1-bit register for signal <register_31<202>>.
    Found 1-bit register for signal <register_31<201>>.
    Found 1-bit register for signal <register_31<200>>.
    Found 1-bit register for signal <register_31<199>>.
    Found 1-bit register for signal <register_31<198>>.
    Found 1-bit register for signal <register_31<197>>.
    Found 1-bit register for signal <register_31<196>>.
    Found 1-bit register for signal <register_31<195>>.
    Found 1-bit register for signal <register_31<194>>.
    Found 1-bit register for signal <register_31<193>>.
    Found 1-bit register for signal <register_31<192>>.
    Found 1-bit register for signal <register_31<191>>.
    Found 1-bit register for signal <register_31<190>>.
    Found 1-bit register for signal <register_31<189>>.
    Found 1-bit register for signal <register_31<188>>.
    Found 1-bit register for signal <register_31<187>>.
    Found 1-bit register for signal <register_31<186>>.
    Found 1-bit register for signal <register_31<185>>.
    Found 1-bit register for signal <register_31<184>>.
    Found 1-bit register for signal <register_31<183>>.
    Found 1-bit register for signal <register_31<182>>.
    Found 1-bit register for signal <register_31<181>>.
    Found 1-bit register for signal <register_31<180>>.
    Found 1-bit register for signal <register_31<179>>.
    Found 1-bit register for signal <register_31<178>>.
    Found 1-bit register for signal <register_31<177>>.
    Found 1-bit register for signal <register_31<176>>.
    Found 1-bit register for signal <register_31<175>>.
    Found 1-bit register for signal <register_31<174>>.
    Found 1-bit register for signal <register_31<173>>.
    Found 1-bit register for signal <register_31<172>>.
    Found 1-bit register for signal <register_31<171>>.
    Found 1-bit register for signal <register_31<170>>.
    Found 1-bit register for signal <register_31<169>>.
    Found 1-bit register for signal <register_31<168>>.
    Found 1-bit register for signal <register_31<167>>.
    Found 1-bit register for signal <register_31<166>>.
    Found 1-bit register for signal <register_31<165>>.
    Found 1-bit register for signal <register_31<164>>.
    Found 1-bit register for signal <register_31<163>>.
    Found 1-bit register for signal <register_31<162>>.
    Found 1-bit register for signal <register_31<161>>.
    Found 1-bit register for signal <register_31<160>>.
    Found 1-bit register for signal <register_31<159>>.
    Found 1-bit register for signal <register_31<158>>.
    Found 1-bit register for signal <register_31<157>>.
    Found 1-bit register for signal <register_31<156>>.
    Found 1-bit register for signal <register_31<155>>.
    Found 1-bit register for signal <register_31<154>>.
    Found 1-bit register for signal <register_31<153>>.
    Found 1-bit register for signal <register_31<152>>.
    Found 1-bit register for signal <register_31<151>>.
    Found 1-bit register for signal <register_31<150>>.
    Found 1-bit register for signal <register_31<149>>.
    Found 1-bit register for signal <register_31<148>>.
    Found 1-bit register for signal <register_31<147>>.
    Found 1-bit register for signal <register_31<146>>.
    Found 1-bit register for signal <register_31<145>>.
    Found 1-bit register for signal <register_31<144>>.
    Found 1-bit register for signal <register_31<143>>.
    Found 1-bit register for signal <register_31<142>>.
    Found 1-bit register for signal <register_31<141>>.
    Found 1-bit register for signal <register_31<140>>.
    Found 1-bit register for signal <register_31<139>>.
    Found 1-bit register for signal <register_31<138>>.
    Found 1-bit register for signal <register_31<137>>.
    Found 1-bit register for signal <register_31<136>>.
    Found 1-bit register for signal <register_31<135>>.
    Found 1-bit register for signal <register_31<134>>.
    Found 1-bit register for signal <register_31<133>>.
    Found 1-bit register for signal <register_31<132>>.
    Found 1-bit register for signal <register_31<131>>.
    Found 1-bit register for signal <register_31<130>>.
    Found 1-bit register for signal <register_31<129>>.
    Found 1-bit register for signal <register_31<128>>.
    Found 1-bit register for signal <register_31<127>>.
    Found 1-bit register for signal <register_31<126>>.
    Found 1-bit register for signal <register_31<125>>.
    Found 1-bit register for signal <register_31<124>>.
    Found 1-bit register for signal <register_31<123>>.
    Found 1-bit register for signal <register_31<122>>.
    Found 1-bit register for signal <register_31<121>>.
    Found 1-bit register for signal <register_31<120>>.
    Found 1-bit register for signal <register_31<119>>.
    Found 1-bit register for signal <register_31<118>>.
    Found 1-bit register for signal <register_31<117>>.
    Found 1-bit register for signal <register_31<116>>.
    Found 1-bit register for signal <register_31<115>>.
    Found 1-bit register for signal <register_31<114>>.
    Found 1-bit register for signal <register_31<113>>.
    Found 1-bit register for signal <register_31<112>>.
    Found 1-bit register for signal <register_31<111>>.
    Found 1-bit register for signal <register_31<110>>.
    Found 1-bit register for signal <register_31<109>>.
    Found 1-bit register for signal <register_31<108>>.
    Found 1-bit register for signal <register_31<107>>.
    Found 1-bit register for signal <register_31<106>>.
    Found 1-bit register for signal <register_31<105>>.
    Found 1-bit register for signal <register_31<104>>.
    Found 1-bit register for signal <register_31<103>>.
    Found 1-bit register for signal <register_31<102>>.
    Found 1-bit register for signal <register_31<101>>.
    Found 1-bit register for signal <register_31<100>>.
    Found 1-bit register for signal <register_31<99>>.
    Found 1-bit register for signal <register_31<98>>.
    Found 1-bit register for signal <register_31<97>>.
    Found 1-bit register for signal <register_31<96>>.
    Found 1-bit register for signal <register_31<95>>.
    Found 1-bit register for signal <register_31<94>>.
    Found 1-bit register for signal <register_31<93>>.
    Found 1-bit register for signal <register_31<92>>.
    Found 1-bit register for signal <register_31<91>>.
    Found 1-bit register for signal <register_31<90>>.
    Found 1-bit register for signal <register_31<89>>.
    Found 1-bit register for signal <register_31<88>>.
    Found 1-bit register for signal <register_31<87>>.
    Found 1-bit register for signal <register_31<86>>.
    Found 1-bit register for signal <register_31<85>>.
    Found 1-bit register for signal <register_31<84>>.
    Found 1-bit register for signal <register_31<83>>.
    Found 1-bit register for signal <register_31<82>>.
    Found 1-bit register for signal <register_31<81>>.
    Found 1-bit register for signal <register_31<80>>.
    Found 1-bit register for signal <register_31<79>>.
    Found 1-bit register for signal <register_31<78>>.
    Found 1-bit register for signal <register_31<77>>.
    Found 1-bit register for signal <register_31<76>>.
    Found 1-bit register for signal <register_31<75>>.
    Found 1-bit register for signal <register_31<74>>.
    Found 1-bit register for signal <register_31<73>>.
    Found 1-bit register for signal <register_31<72>>.
    Found 1-bit register for signal <register_31<71>>.
    Found 1-bit register for signal <register_31<70>>.
    Found 1-bit register for signal <register_31<69>>.
    Found 1-bit register for signal <register_31<68>>.
    Found 1-bit register for signal <register_31<67>>.
    Found 1-bit register for signal <register_31<66>>.
    Found 1-bit register for signal <register_31<65>>.
    Found 1-bit register for signal <register_31<64>>.
    Found 1-bit register for signal <register_31<63>>.
    Found 1-bit register for signal <register_31<62>>.
    Found 1-bit register for signal <register_31<61>>.
    Found 1-bit register for signal <register_31<60>>.
    Found 1-bit register for signal <register_31<59>>.
    Found 1-bit register for signal <register_31<58>>.
    Found 1-bit register for signal <register_31<57>>.
    Found 1-bit register for signal <register_31<56>>.
    Found 1-bit register for signal <register_31<55>>.
    Found 1-bit register for signal <register_31<54>>.
    Found 1-bit register for signal <register_31<53>>.
    Found 1-bit register for signal <register_31<52>>.
    Found 1-bit register for signal <register_31<51>>.
    Found 1-bit register for signal <register_31<50>>.
    Found 1-bit register for signal <register_31<49>>.
    Found 1-bit register for signal <register_31<48>>.
    Found 1-bit register for signal <register_31<47>>.
    Found 1-bit register for signal <register_31<46>>.
    Found 1-bit register for signal <register_31<45>>.
    Found 1-bit register for signal <register_31<44>>.
    Found 1-bit register for signal <register_31<43>>.
    Found 1-bit register for signal <register_31<42>>.
    Found 1-bit register for signal <register_31<41>>.
    Found 1-bit register for signal <register_31<40>>.
    Found 1-bit register for signal <register_31<39>>.
    Found 1-bit register for signal <register_31<38>>.
    Found 1-bit register for signal <register_31<37>>.
    Found 1-bit register for signal <register_31<36>>.
    Found 1-bit register for signal <register_31<35>>.
    Found 1-bit register for signal <register_31<34>>.
    Found 1-bit register for signal <register_31<33>>.
    Found 1-bit register for signal <register_31<32>>.
    Found 1-bit register for signal <register_31<31>>.
    Found 1-bit register for signal <register_31<30>>.
    Found 1-bit register for signal <register_31<29>>.
    Found 1-bit register for signal <register_31<28>>.
    Found 1-bit register for signal <register_31<27>>.
    Found 1-bit register for signal <register_31<26>>.
    Found 1-bit register for signal <register_31<25>>.
    Found 1-bit register for signal <register_31<24>>.
    Found 1-bit register for signal <register_31<23>>.
    Found 1-bit register for signal <register_31<22>>.
    Found 1-bit register for signal <register_31<21>>.
    Found 1-bit register for signal <register_31<20>>.
    Found 1-bit register for signal <register_31<19>>.
    Found 1-bit register for signal <register_31<18>>.
    Found 1-bit register for signal <register_31<17>>.
    Found 1-bit register for signal <register_31<16>>.
    Found 1-bit register for signal <register_31<15>>.
    Found 1-bit register for signal <register_31<14>>.
    Found 1-bit register for signal <register_31<13>>.
    Found 1-bit register for signal <register_31<12>>.
    Found 1-bit register for signal <register_31<11>>.
    Found 1-bit register for signal <register_31<10>>.
    Found 1-bit register for signal <register_31<9>>.
    Found 1-bit register for signal <register_31<8>>.
    Found 1-bit register for signal <register_31<7>>.
    Found 1-bit register for signal <register_31<6>>.
    Found 1-bit register for signal <register_31<5>>.
    Found 1-bit register for signal <register_31<4>>.
    Found 1-bit register for signal <register_31<3>>.
    Found 1-bit register for signal <register_31<2>>.
    Found 1-bit register for signal <register_31<1>>.
    Found 1-bit register for signal <register_31<0>>.
    Summary:
	inferred 1024 D-type flip-flop(s).
Unit <GRF> synthesized.

Synthesizing Unit <EXT>.
    Related source file is "C:\Users\86139\Desktop\courses\co\P5\CPU\EXT.v".
    Summary:
	no macro.
Unit <EXT> synthesized.

Synthesizing Unit <Shift>.
    Related source file is "C:\Users\86139\Desktop\courses\co\P5\CPU\Shift.v".
WARNING:Xst:647 - Input <Shift_in<31:30>> is never used. This port will be preserved and left unconnected if it belongs to a top-level block or it belongs to a sub-block and the hierarchy of this sub-block is preserved.
    Summary:
	no macro.
Unit <Shift> synthesized.

Synthesizing Unit <Branch>.
    Related source file is "C:\Users\86139\Desktop\courses\co\P5\CPU\branch.v".
    Summary:
	no macro.
Unit <Branch> synthesized.

Synthesizing Unit <E_AT>.
    Related source file is "C:\Users\86139\Desktop\courses\co\P5\CPU\E_AT.v".
WARNING:Xst:647 - Input <instruction<25:6>> is never used. This port will be preserved and left unconnected if it belongs to a top-level block or it belongs to a sub-block and the hierarchy of this sub-block is preserved.
    Summary:
	no macro.
Unit <E_AT> synthesized.
INTERNAL_ERROR:Xst:cmain.c:3423:1.29 -  Process will terminate. For technical support on this issue, please open a WebCase with this project attached at http://www.xilinx.com/support.  
